../startup/startup_k32l2b31a.c:242:6:data_init	8	static
../startup/startup_k32l2b31a.c:251:6:bss_init	0	static
../startup/startup_k32l2b31a.c:276:6:ResetISR	0	static
../startup/startup_k32l2b31a.c:359:14:NMI_Handler	0	static
../startup/startup_k32l2b31a.c:363:14:HardFault_Handler	0	static
../startup/startup_k32l2b31a.c:367:14:SVC_Handler	0	static
../startup/startup_k32l2b31a.c:371:14:PendSV_Handler	0	static
../startup/startup_k32l2b31a.c:375:14:SysTick_Handler	0	static
../startup/startup_k32l2b31a.c:383:14:IntDefaultHandler	0	static
../startup/startup_k32l2b31a.c:393:14:DMA0_IRQHandler	8	static
../startup/startup_k32l2b31a.c:397:14:DMA1_IRQHandler	8	static
../startup/startup_k32l2b31a.c:401:14:DMA2_IRQHandler	8	static
../startup/startup_k32l2b31a.c:405:14:DMA3_IRQHandler	8	static
../startup/startup_k32l2b31a.c:409:14:Reserved20_IRQHandler	8	static
../startup/startup_k32l2b31a.c:413:14:FTFA_IRQHandler	8	static
../startup/startup_k32l2b31a.c:417:14:PMC_IRQHandler	8	static
../startup/startup_k32l2b31a.c:421:14:LLWU_IRQHandler	8	static
../startup/startup_k32l2b31a.c:425:14:I2C0_IRQHandler	8	static
../startup/startup_k32l2b31a.c:429:14:I2C1_IRQHandler	8	static
../startup/startup_k32l2b31a.c:433:14:SPI0_IRQHandler	8	static
../startup/startup_k32l2b31a.c:437:14:SPI1_IRQHandler	8	static
../startup/startup_k32l2b31a.c:441:14:LPUART0_IRQHandler	8	static
../startup/startup_k32l2b31a.c:445:14:LPUART1_IRQHandler	8	static
../startup/startup_k32l2b31a.c:449:14:UART2_FLEXIO_IRQHandler	8	static
../startup/startup_k32l2b31a.c:453:14:ADC0_IRQHandler	8	static
../startup/startup_k32l2b31a.c:457:14:CMP0_IRQHandler	8	static
../startup/startup_k32l2b31a.c:461:14:TPM0_IRQHandler	8	static
../startup/startup_k32l2b31a.c:465:14:TPM1_IRQHandler	8	static
../startup/startup_k32l2b31a.c:469:14:TPM2_IRQHandler	8	static
../startup/startup_k32l2b31a.c:473:14:RTC_IRQHandler	8	static
../startup/startup_k32l2b31a.c:477:14:RTC_Seconds_IRQHandler	8	static
../startup/startup_k32l2b31a.c:481:14:PIT_IRQHandler	8	static
../startup/startup_k32l2b31a.c:485:14:Reserved39_IRQHandler	8	static
../startup/startup_k32l2b31a.c:489:14:USB0_IRQHandler	8	static
../startup/startup_k32l2b31a.c:493:14:DAC0_IRQHandler	8	static
../startup/startup_k32l2b31a.c:497:14:Reserved42_IRQHandler	8	static
../startup/startup_k32l2b31a.c:501:14:Reserved43_IRQHandler	8	static
../startup/startup_k32l2b31a.c:505:14:LPTMR0_IRQHandler	8	static
../startup/startup_k32l2b31a.c:509:14:LCD_IRQHandler	8	static
../startup/startup_k32l2b31a.c:513:14:PORTA_IRQHandler	8	static
../startup/startup_k32l2b31a.c:517:14:PORTC_PORTD_IRQHandler	8	static
